Copyright 1986-2022 Xilinx, Inc. All Rights Reserved. Copyright 2022-2024 Advanced Micro Devices, Inc. All Rights Reserved.
---------------------------------------------------------------------------------------------------------------------------------------------
| Tool Version : Vivado v.2024.2 (lin64) Build 5239630 Fri Nov 08 22:34:34 MST 2024
| Date         : Thu Jun 18 14:55:45 2026
| Host         : hacc-build-01.inf.ethz.ch running 64-bit Ubuntu 22.04.5 LTS
| Command      : report_utilization -slr -file slr_util_placed.rpt -pb slr_util_placed.pb
| Design       : level0_wrapper
| Device       : xcu55c-fsvh2892-2L-e
| Speed File   : -2L
| Design State : Fully Placed
---------------------------------------------------------------------------------------------------------------------------------------------

Utilization Design Information

Table of Contents
-----------------
1. SLR Connectivity
2. SLR Connectivity Matrix
3. SLR CLB Logic and Dedicated Block Utilization
4. SLR IO Utilization

1. SLR Connectivity
-------------------

+----------------------------------+-------+-------+-----------+-------+
|                                  |  Used | Fixed | Available | Util% |
+----------------------------------+-------+-------+-----------+-------+
| SLR2 <-> SLR1                    |  5101 |       |     23040 | 22.14 |
|   SLR1 -> SLR2                   |  2592 |       |           | 11.25 |
|     Using TX_REG only            |     0 |     0 |           |       |
|     Using RX_REG only            |     0 |     0 |           |       |
|     Using Both TX_REG and RX_REG |     0 |     0 |           |       |
|   SLR2 -> SLR1                   |  2509 |       |           | 10.89 |
|     Using TX_REG only            |     0 |     0 |           |       |
|     Using RX_REG only            |     0 |     0 |           |       |
|     Using Both TX_REG and RX_REG |     0 |     0 |           |       |
| SLR1 <-> SLR0                    |  5311 |       |     23040 | 23.05 |
|   SLR0 -> SLR1                   |  2786 |       |           | 12.09 |
|     Using TX_REG only            |     0 |     0 |           |       |
|     Using RX_REG only            |     0 |     0 |           |       |
|     Using Both TX_REG and RX_REG |     0 |     0 |           |       |
|   SLR1 -> SLR0                   |  2525 |       |           | 10.96 |
|     Using TX_REG only            |     0 |     0 |           |       |
|     Using RX_REG only            |     0 |     0 |           |       |
|     Using Both TX_REG and RX_REG |     0 |     0 |           |       |
+----------------------------------+-------+-------+-----------+-------+
| Total SLLs Used                  | 10412 |       |           |       |
+----------------------------------+-------+-------+-----------+-------+


2. SLR Connectivity Matrix
--------------------------

+-----------+------+------+------+
| FROM \ TO | SLR2 | SLR1 | SLR0 |
+-----------+------+------+------+
| SLR2      |    0 | 2360 |  149 |
| SLR1      | 2528 |    0 | 2376 |
| SLR0      |   64 | 2722 |    0 |
+-----------+------+------+------+


3. SLR CLB Logic and Dedicated Block Utilization
------------------------------------------------

+----------------------------+--------+-------+-------+--------+--------+--------+
|          Site Type         |  SLR0  |  SLR1 |  SLR2 | SLR0 % | SLR1 % | SLR2 % |
+----------------------------+--------+-------+-------+--------+--------+--------+
| CLB                        |  29430 |  9170 |  6309 |  53.55 |  16.98 |  11.68 |
|   CLBL                     |  15688 |  4939 |  3204 |  53.58 |  16.87 |  10.94 |
|   CLBM                     |  13742 |  4231 |  3105 |  53.51 |  17.12 |  12.56 |
| CLB LUTs                   | 131085 | 57934 | 25386 |  29.81 |  13.41 |   5.88 |
|   LUT as Logic             | 119218 | 54266 | 23861 |  27.11 |  12.56 |   5.52 |
|     using O5 output only   |   3687 |   855 |   433 |   0.84 |   0.20 |   0.10 |
|     using O6 output only   |  82133 | 40245 | 16941 |  18.68 |   9.32 |   3.92 |
|     using O5 and O6        |  33398 | 13166 |  6487 |   7.60 |   3.05 |   1.50 |
|   LUT as Memory            |  11867 |  3668 |  1525 |   5.78 |   1.85 |   0.77 |
|     LUT as Distributed RAM |   8104 |  3532 |   820 |   3.94 |   1.79 |   0.41 |
|       using O6 output only |    240 |   386 |     4 |   0.12 |   0.20 |  <0.01 |
|       using O5 and O6      |   7864 |  3146 |   816 |   3.83 |   1.59 |   0.41 |
|     LUT as Shift Register  |   3763 |   136 |   705 |   1.83 |   0.07 |   0.36 |
|       using O6 output only |   3051 |    80 |   671 |   1.49 |   0.04 |   0.34 |
|       using O5 and O6      |    712 |    56 |    34 |   0.35 |   0.03 |   0.02 |
| CLB Registers              | 174428 | 66159 | 35107 |  19.84 |   7.66 |   4.06 |
| CARRY8                     |   3115 |   577 |   107 |   5.67 |   1.07 |   0.20 |
| F7 Muxes                   |   1672 |  1037 |   437 |   0.76 |   0.48 |   0.20 |
| F8 Muxes                   |    235 |   260 |     0 |   0.21 |   0.24 |   0.00 |
| F9 Muxes                   |      0 |     0 |     0 |   0.00 |   0.00 |   0.00 |
| Block RAM Tile             |     60 |    90 |    50 |   8.93 |  13.39 |   7.44 |
|   RAMB36/FIFO              |     57 |    90 |    50 |   8.48 |  13.39 |   7.44 |
|   RAMB18                   |      6 |     0 |     0 |   0.45 |   0.00 |   0.00 |
| URAM                       |      0 |     0 |     0 |   0.00 |   0.00 |   0.00 |
| DSPs                       |    192 |     0 |     4 |   6.67 |   0.00 |   0.13 |
| Unique Control Sets        |   6440 |  3149 |  1090 |   5.86 |   2.92 |   1.01 |
+----------------------------+--------+-------+-------+--------+--------+--------+
* Note: Available Control Sets based on CLB Registers / 8


4. SLR IO Utilization
---------------------

+-----------+-----------+---------+------------+----------+------------+----------+-----+
| SLR Index | Used IOBs | (%)IOBs | Used IPADs | (%)IPADs | Used OPADs | (%)OPADs | GTs |
+-----------+-----------+---------+------------+----------+------------+----------+-----+
| SLR2      |         0 |    0.00 |          0 |     0.00 |          0 |     0.00 |   0 |
| SLR1      |         0 |    0.00 |          0 |     0.00 |          0 |     0.00 |   0 |
| SLR0      |        12 |    5.77 |          0 |     0.00 |          0 |     0.00 |  16 |
+-----------+-----------+---------+------------+----------+------------+----------+-----+
| Total     |        12 |         |          0 |          |          0 |          |  16 |
+-----------+-----------+---------+------------+----------+------------+----------+-----+


