Copyright 1986-2022 Xilinx, Inc. All Rights Reserved. Copyright 2022-2024 Advanced Micro Devices, Inc. All Rights Reserved.
---------------------------------------------------------------------------------------------------------------------------------------------
| Tool Version : Vivado v.2024.2 (lin64) Build 5239630 Fri Nov 08 22:34:34 MST 2024
| Date         : Thu May 28 14:00:39 2026
| Host         : hacc-build-01.inf.ethz.ch running 64-bit Ubuntu 22.04.5 LTS
| Command      : report_utilization -slr -file slr_util_placed.rpt -pb slr_util_placed.pb
| Design       : level0_wrapper
| Device       : xcu55c-fsvh2892-2L-e
| Speed File   : -2L
| Design State : Fully Placed
---------------------------------------------------------------------------------------------------------------------------------------------

Utilization Design Information

Table of Contents
-----------------
1. SLR Connectivity
2. SLR Connectivity Matrix
3. SLR CLB Logic and Dedicated Block Utilization
4. SLR IO Utilization

1. SLR Connectivity
-------------------

+----------------------------------+-------+-------+-----------+-------+
|                                  |  Used | Fixed | Available | Util% |
+----------------------------------+-------+-------+-----------+-------+
| SLR2 <-> SLR1                    |  5098 |       |     23040 | 22.13 |
|   SLR1 -> SLR2                   |  2592 |       |           | 11.25 |
|     Using TX_REG only            |     0 |     0 |           |       |
|     Using RX_REG only            |     0 |     0 |           |       |
|     Using Both TX_REG and RX_REG |     0 |     0 |           |       |
|   SLR2 -> SLR1                   |  2506 |       |           | 10.88 |
|     Using TX_REG only            |     0 |     0 |           |       |
|     Using RX_REG only            |     0 |     0 |           |       |
|     Using Both TX_REG and RX_REG |     0 |     0 |           |       |
| SLR1 <-> SLR0                    |  5308 |       |     23040 | 23.04 |
|   SLR0 -> SLR1                   |  2785 |       |           | 12.09 |
|     Using TX_REG only            |     0 |     0 |           |       |
|     Using RX_REG only            |     0 |     0 |           |       |
|     Using Both TX_REG and RX_REG |     0 |     0 |           |       |
|   SLR1 -> SLR0                   |  2523 |       |           | 10.95 |
|     Using TX_REG only            |     0 |     0 |           |       |
|     Using RX_REG only            |     0 |     0 |           |       |
|     Using Both TX_REG and RX_REG |     0 |     0 |           |       |
+----------------------------------+-------+-------+-----------+-------+
| Total SLLs Used                  | 10406 |       |           |       |
+----------------------------------+-------+-------+-----------+-------+


2. SLR Connectivity Matrix
--------------------------

+-----------+------+------+------+
| FROM \ TO | SLR2 | SLR1 | SLR0 |
+-----------+------+------+------+
| SLR2      |    0 | 2357 |  149 |
| SLR1      | 2529 |    0 | 2374 |
| SLR0      |   63 | 2722 |    0 |
+-----------+------+------+------+


3. SLR CLB Logic and Dedicated Block Utilization
------------------------------------------------

+----------------------------+--------+-------+-------+--------+--------+--------+
|          Site Type         |  SLR0  |  SLR1 |  SLR2 | SLR0 % | SLR1 % | SLR2 % |
+----------------------------+--------+-------+-------+--------+--------+--------+
| CLB                        |  25697 |  9890 |  6619 |  46.76 |  18.31 |  12.26 |
|   CLBL                     |  13715 |  5392 |  3429 |  46.84 |  18.42 |  11.71 |
|   CLBM                     |  11982 |  4498 |  3190 |  46.66 |  18.20 |  12.90 |
| CLB LUTs                   | 103241 | 57952 | 25548 |  23.48 |  13.41 |   5.91 |
|   LUT as Logic             |  96414 | 54284 | 24023 |  21.93 |  12.57 |   5.56 |
|     using O5 output only   |   2610 |   857 |   443 |   0.59 |   0.20 |   0.10 |
|     using O6 output only   |  63724 | 40244 | 17078 |  14.49 |   9.32 |   3.95 |
|     using O5 and O6        |  30080 | 13183 |  6502 |   6.84 |   3.05 |   1.51 |
|   LUT as Memory            |   6827 |  3668 |  1525 |   3.32 |   1.85 |   0.77 |
|     LUT as Distributed RAM |   4136 |  3532 |   820 |   2.01 |   1.79 |   0.41 |
|       using O6 output only |    240 |   386 |     4 |   0.12 |   0.20 |  <0.01 |
|       using O5 and O6      |   3896 |  3146 |   816 |   1.90 |   1.59 |   0.41 |
|     LUT as Shift Register  |   2691 |   136 |   705 |   1.31 |   0.07 |   0.36 |
|       using O6 output only |   1979 |    80 |   671 |   0.96 |   0.04 |   0.34 |
|       using O5 and O6      |    712 |    56 |    34 |   0.35 |   0.03 |   0.02 |
| CLB Registers              | 157369 | 66155 | 35302 |  17.90 |   7.66 |   4.09 |
| CARRY8                     |   2905 |   577 |   108 |   5.29 |   1.07 |   0.20 |
| F7 Muxes                   |   1624 |  1037 |   437 |   0.74 |   0.48 |   0.20 |
| F8 Muxes                   |    235 |   260 |     0 |   0.21 |   0.24 |   0.00 |
| F9 Muxes                   |      0 |     0 |     0 |   0.00 |   0.00 |   0.00 |
| Block RAM Tile             |     58 |    90 |    50 |   8.63 |  13.39 |   7.44 |
|   RAMB36/FIFO              |     55 |    90 |    50 |   8.18 |  13.39 |   7.44 |
|   RAMB18                   |      6 |     0 |     0 |   0.45 |   0.00 |   0.00 |
| URAM                       |      0 |     0 |     0 |   0.00 |   0.00 |   0.00 |
| DSPs                       |    192 |     0 |     4 |   6.67 |   0.00 |   0.13 |
| Unique Control Sets        |   4143 |  3151 |  1101 |   3.77 |   2.92 |   1.02 |
+----------------------------+--------+-------+-------+--------+--------+--------+
* Note: Available Control Sets based on CLB Registers / 8


4. SLR IO Utilization
---------------------

+-----------+-----------+---------+------------+----------+------------+----------+-----+
| SLR Index | Used IOBs | (%)IOBs | Used IPADs | (%)IPADs | Used OPADs | (%)OPADs | GTs |
+-----------+-----------+---------+------------+----------+------------+----------+-----+
| SLR2      |         0 |    0.00 |          0 |     0.00 |          0 |     0.00 |   0 |
| SLR1      |         0 |    0.00 |          0 |     0.00 |          0 |     0.00 |   0 |
| SLR0      |        12 |    5.77 |          0 |     0.00 |          0 |     0.00 |  16 |
+-----------+-----------+---------+------------+----------+------------+----------+-----+
| Total     |        12 |         |          0 |          |          0 |          |  16 |
+-----------+-----------+---------+------------+----------+------------+----------+-----+


