Copyright 1986-2022 Xilinx, Inc. All Rights Reserved. Copyright 2022-2024 Advanced Micro Devices, Inc. All Rights Reserved.
---------------------------------------------------------------------------------------------------------------------------------------------
| Tool Version : Vivado v.2024.2 (lin64) Build 5239630 Fri Nov 08 22:34:34 MST 2024
| Date         : Wed Jun 17 23:52:02 2026
| Host         : hacc-build-01.inf.ethz.ch running 64-bit Ubuntu 22.04.5 LTS
| Command      : report_utilization -slr -file slr_util_routed.rpt -pb slr_util_routed.pb
| Design       : level0_wrapper
| Device       : xcu55c-fsvh2892-2L-e
| Speed File   : -2L
| Design State : Routed
---------------------------------------------------------------------------------------------------------------------------------------------

Utilization Design Information

Table of Contents
-----------------
1. SLR Connectivity
2. SLR Connectivity Matrix
3. SLR CLB Logic and Dedicated Block Utilization
4. SLR IO Utilization

1. SLR Connectivity
-------------------

+----------------------------------+-------+-------+-----------+-------+
|                                  |  Used | Fixed | Available | Util% |
+----------------------------------+-------+-------+-----------+-------+
| SLR2 <-> SLR1                    |  5101 |       |     23040 | 22.14 |
|   SLR1 -> SLR2                   |  2590 |       |           | 11.24 |
|     Using TX_REG only            |     0 |     0 |           |       |
|     Using RX_REG only            |     0 |     0 |           |       |
|     Using Both TX_REG and RX_REG |     0 |     0 |           |       |
|   SLR2 -> SLR1                   |  2511 |       |           | 10.90 |
|     Using TX_REG only            |     0 |     0 |           |       |
|     Using RX_REG only            |     0 |     0 |           |       |
|     Using Both TX_REG and RX_REG |     0 |     0 |           |       |
| SLR1 <-> SLR0                    |  5397 |       |     23040 | 23.42 |
|   SLR0 -> SLR1                   |  2819 |       |           | 12.24 |
|     Using TX_REG only            |     0 |     0 |           |       |
|     Using RX_REG only            |     0 |     0 |           |       |
|     Using Both TX_REG and RX_REG |     0 |     0 |           |       |
|   SLR1 -> SLR0                   |  2578 |       |           | 11.19 |
|     Using TX_REG only            |     0 |     0 |           |       |
|     Using RX_REG only            |     0 |     0 |           |       |
|     Using Both TX_REG and RX_REG |     0 |     0 |           |       |
+----------------------------------+-------+-------+-----------+-------+
| Total SLLs Used                  | 10498 |       |           |       |
+----------------------------------+-------+-------+-----------+-------+


2. SLR Connectivity Matrix
--------------------------

+-----------+------+------+------+
| FROM \ TO | SLR2 | SLR1 | SLR0 |
+-----------+------+------+------+
| SLR2      |    0 | 2370 |  141 |
| SLR1      | 2525 |    0 | 2437 |
| SLR0      |   65 | 2754 |    0 |
+-----------+------+------+------+


3. SLR CLB Logic and Dedicated Block Utilization
------------------------------------------------

+----------------------------+--------+-------+-------+--------+--------+--------+
|          Site Type         |  SLR0  |  SLR1 |  SLR2 | SLR0 % | SLR1 % | SLR2 % |
+----------------------------+--------+-------+-------+--------+--------+--------+
| CLB                        |  25713 |  9229 |  6420 |  46.78 |  17.09 |  11.89 |
|   CLBL                     |  13540 |  5021 |  3296 |  46.24 |  17.15 |  11.26 |
|   CLBM                     |  12173 |  4208 |  3124 |  47.40 |  17.02 |  12.64 |
| CLB LUTs                   | 100321 | 58123 | 25531 |  22.82 |  13.45 |   5.91 |
|   LUT as Logic             |  88454 | 54455 | 24006 |  20.12 |  12.61 |   5.56 |
|     using O5 output only   |   3673 |   864 |   442 |   0.84 |   0.20 |   0.10 |
|     using O6 output only   |  56369 | 40342 | 17047 |  12.82 |   9.34 |   3.95 |
|     using O5 and O6        |  28412 | 13249 |  6517 |   6.46 |   3.07 |   1.51 |
|   LUT as Memory            |  11867 |  3668 |  1525 |   5.78 |   1.85 |   0.77 |
|     LUT as Distributed RAM |   8104 |  3532 |   820 |   3.94 |   1.79 |   0.41 |
|       using O6 output only |    240 |   386 |     4 |   0.12 |   0.20 |  <0.01 |
|       using O5 and O6      |   7864 |  3146 |   816 |   3.83 |   1.59 |   0.41 |
|     LUT as Shift Register  |   3763 |   136 |   705 |   1.83 |   0.07 |   0.36 |
|       using O6 output only |   3051 |    80 |   671 |   1.49 |   0.04 |   0.34 |
|       using O5 and O6      |    712 |    56 |    34 |   0.35 |   0.03 |   0.02 |
| CLB Registers              | 159917 | 66268 | 35334 |  18.19 |   7.67 |   4.09 |
| CARRY8                     |   1761 |   577 |   107 |   3.20 |   1.07 |   0.20 |
| F7 Muxes                   |   1672 |  1037 |   437 |   0.76 |   0.48 |   0.20 |
| F8 Muxes                   |    235 |   260 |     0 |   0.21 |   0.24 |   0.00 |
| F9 Muxes                   |      0 |     0 |     0 |   0.00 |   0.00 |   0.00 |
| Block RAM Tile             |     60 |    90 |    50 |   8.93 |  13.39 |   7.44 |
|   RAMB36/FIFO              |     57 |    90 |    50 |   8.48 |  13.39 |   7.44 |
|   RAMB18                   |      6 |     0 |     0 |   0.45 |   0.00 |   0.00 |
| URAM                       |      0 |     0 |     0 |   0.00 |   0.00 |   0.00 |
| DSPs                       |    192 |     0 |     4 |   6.67 |   0.00 |   0.13 |
| Unique Control Sets        |   6416 |  3177 |  1106 |   5.84 |   2.94 |   1.02 |
+----------------------------+--------+-------+-------+--------+--------+--------+
* Note: Available Control Sets based on CLB Registers / 8


4. SLR IO Utilization
---------------------

+-----------+-----------+---------+------------+----------+------------+----------+-----+
| SLR Index | Used IOBs | (%)IOBs | Used IPADs | (%)IPADs | Used OPADs | (%)OPADs | GTs |
+-----------+-----------+---------+------------+----------+------------+----------+-----+
| SLR2      |         0 |    0.00 |          0 |     0.00 |          0 |     0.00 |   0 |
| SLR1      |         0 |    0.00 |          0 |     0.00 |          0 |     0.00 |   0 |
| SLR0      |        12 |    5.77 |          0 |     0.00 |          0 |     0.00 |  16 |
+-----------+-----------+---------+------------+----------+------------+----------+-----+
| Total     |        12 |         |          0 |          |          0 |          |  16 |
+-----------+-----------+---------+------------+----------+------------+----------+-----+


