Copyright 1986-2022 Xilinx, Inc. All Rights Reserved. Copyright 2022-2024 Advanced Micro Devices, Inc. All Rights Reserved.
---------------------------------------------------------------------------------------------------------------------------------------------
| Tool Version : Vivado v.2024.2 (lin64) Build 5239630 Fri Nov 08 22:34:34 MST 2024
| Date         : Fri Jul  3 18:20:08 2026
| Host         : hacc-build-01.inf.ethz.ch running 64-bit Ubuntu 22.04.5 LTS
| Command      : report_utilization -slr -file slr_util_placed.rpt -pb slr_util_placed.pb
| Design       : level0_wrapper
| Device       : xcu55c-fsvh2892-2L-e
| Speed File   : -2L
| Design State : Fully Placed
---------------------------------------------------------------------------------------------------------------------------------------------

Utilization Design Information

Table of Contents
-----------------
1. SLR Connectivity
2. SLR Connectivity Matrix
3. SLR CLB Logic and Dedicated Block Utilization
4. SLR IO Utilization

1. SLR Connectivity
-------------------

+----------------------------------+-------+-------+-----------+-------+
|                                  |  Used | Fixed | Available | Util% |
+----------------------------------+-------+-------+-----------+-------+
| SLR2 <-> SLR1                    |  5109 |       |     23040 | 22.17 |
|   SLR1 -> SLR2                   |  2596 |       |           | 11.27 |
|     Using TX_REG only            |     0 |     0 |           |       |
|     Using RX_REG only            |     0 |     0 |           |       |
|     Using Both TX_REG and RX_REG |     0 |     0 |           |       |
|   SLR2 -> SLR1                   |  2513 |       |           | 10.91 |
|     Using TX_REG only            |     0 |     0 |           |       |
|     Using RX_REG only            |     0 |     0 |           |       |
|     Using Both TX_REG and RX_REG |     0 |     0 |           |       |
| SLR1 <-> SLR0                    |  5308 |       |     23040 | 23.04 |
|   SLR0 -> SLR1                   |  2785 |       |           | 12.09 |
|     Using TX_REG only            |     0 |     0 |           |       |
|     Using RX_REG only            |     0 |     0 |           |       |
|     Using Both TX_REG and RX_REG |     0 |     0 |           |       |
|   SLR1 -> SLR0                   |  2523 |       |           | 10.95 |
|     Using TX_REG only            |     0 |     0 |           |       |
|     Using RX_REG only            |     0 |     0 |           |       |
|     Using Both TX_REG and RX_REG |     0 |     0 |           |       |
+----------------------------------+-------+-------+-----------+-------+
| Total SLLs Used                  | 10417 |       |           |       |
+----------------------------------+-------+-------+-----------+-------+


2. SLR Connectivity Matrix
--------------------------

+-----------+------+------+------+
| FROM \ TO | SLR2 | SLR1 | SLR0 |
+-----------+------+------+------+
| SLR2      |    0 | 2358 |  155 |
| SLR1      | 2533 |    0 | 2368 |
| SLR0      |   63 | 2722 |    0 |
+-----------+------+------+------+


3. SLR CLB Logic and Dedicated Block Utilization
------------------------------------------------

+----------------------------+--------+-------+-------+--------+--------+--------+
|          Site Type         |  SLR0  |  SLR1 |  SLR2 | SLR0 % | SLR1 % | SLR2 % |
+----------------------------+--------+-------+-------+--------+--------+--------+
| CLB                        |  28926 |  9166 |  6250 |  52.63 |  16.97 |  11.57 |
|   CLBL                     |  15166 |  4954 |  3233 |  51.80 |  16.92 |  11.04 |
|   CLBM                     |  13760 |  4212 |  3017 |  53.58 |  17.04 |  12.20 |
| CLB LUTs                   | 113859 | 57955 | 25537 |  25.90 |  13.42 |   5.91 |
|   LUT as Logic             | 102736 | 54287 | 24012 |  23.37 |  12.57 |   5.56 |
|     using O5 output only   |   3772 |   852 |   443 |   0.86 |   0.20 |   0.10 |
|     using O6 output only   |  71878 | 40250 | 17061 |  16.35 |   9.32 |   3.95 |
|     using O5 and O6        |  27086 | 13185 |  6508 |   6.16 |   3.05 |   1.51 |
|   LUT as Memory            |  11123 |  3668 |  1525 |   5.41 |   1.85 |   0.77 |
|     LUT as Distributed RAM |   7496 |  3532 |   820 |   3.65 |   1.79 |   0.41 |
|       using O6 output only |    240 |   386 |     4 |   0.12 |   0.20 |  <0.01 |
|       using O5 and O6      |   7256 |  3146 |   816 |   3.53 |   1.59 |   0.41 |
|     LUT as Shift Register  |   3627 |   136 |   705 |   1.77 |   0.07 |   0.36 |
|       using O6 output only |   2915 |    80 |   671 |   1.42 |   0.04 |   0.34 |
|       using O5 and O6      |    712 |    56 |    34 |   0.35 |   0.03 |   0.02 |
| CLB Registers              | 156522 | 66153 | 35301 |  17.80 |   7.66 |   4.09 |
| CARRY8                     |   2024 |   577 |   108 |   3.68 |   1.07 |   0.20 |
| F7 Muxes                   |   1752 |  1037 |   437 |   0.80 |   0.48 |   0.20 |
| F8 Muxes                   |    235 |   260 |     0 |   0.21 |   0.24 |   0.00 |
| F9 Muxes                   |      0 |     0 |     0 |   0.00 |   0.00 |   0.00 |
| Block RAM Tile             |     62 |    90 |    50 |   9.23 |  13.39 |   7.44 |
|   RAMB36/FIFO              |     59 |    90 |    50 |   8.78 |  13.39 |   7.44 |
|   RAMB18                   |      6 |     0 |     0 |   0.45 |   0.00 |   0.00 |
| URAM                       |      0 |     0 |     0 |   0.00 |   0.00 |   0.00 |
| DSPs                       |     42 |     0 |     4 |   1.46 |   0.00 |   0.13 |
| Unique Control Sets        |   6343 |  3152 |  1105 |   5.77 |   2.92 |   1.02 |
+----------------------------+--------+-------+-------+--------+--------+--------+
* Note: Available Control Sets based on CLB Registers / 8


4. SLR IO Utilization
---------------------

+-----------+-----------+---------+------------+----------+------------+----------+-----+
| SLR Index | Used IOBs | (%)IOBs | Used IPADs | (%)IPADs | Used OPADs | (%)OPADs | GTs |
+-----------+-----------+---------+------------+----------+------------+----------+-----+
| SLR2      |         0 |    0.00 |          0 |     0.00 |          0 |     0.00 |   0 |
| SLR1      |         0 |    0.00 |          0 |     0.00 |          0 |     0.00 |   0 |
| SLR0      |        12 |    5.77 |          0 |     0.00 |          0 |     0.00 |  16 |
+-----------+-----------+---------+------------+----------+------------+----------+-----+
| Total     |        12 |         |          0 |          |          0 |          |  16 |
+-----------+-----------+---------+------------+----------+------------+----------+-----+


