Copyright 1986-2022 Xilinx, Inc. All Rights Reserved. Copyright 2022-2024 Advanced Micro Devices, Inc. All Rights Reserved.
---------------------------------------------------------------------------------------------------------------------------------------------
| Tool Version : Vivado v.2024.2 (lin64) Build 5239630 Fri Nov 08 22:34:34 MST 2024
| Date         : Tue Jun 16 22:53:05 2026
| Host         : hacc-build-01.inf.ethz.ch running 64-bit Ubuntu 22.04.5 LTS
| Command      : report_utilization -slr -file slr_util_routed.rpt -pb slr_util_routed.pb
| Design       : level0_wrapper
| Device       : xcu55c-fsvh2892-2L-e
| Speed File   : -2L
| Design State : Routed
---------------------------------------------------------------------------------------------------------------------------------------------

Utilization Design Information

Table of Contents
-----------------
1. SLR Connectivity
2. SLR Connectivity Matrix
3. SLR CLB Logic and Dedicated Block Utilization
4. SLR IO Utilization

1. SLR Connectivity
-------------------

+----------------------------------+-------+-------+-----------+-------+
|                                  |  Used | Fixed | Available | Util% |
+----------------------------------+-------+-------+-----------+-------+
| SLR2 <-> SLR1                    |  5101 |       |     23040 | 22.14 |
|   SLR1 -> SLR2                   |  2590 |       |           | 11.24 |
|     Using TX_REG only            |     0 |     0 |           |       |
|     Using RX_REG only            |     0 |     0 |           |       |
|     Using Both TX_REG and RX_REG |     0 |     0 |           |       |
|   SLR2 -> SLR1                   |  2511 |       |           | 10.90 |
|     Using TX_REG only            |     0 |     0 |           |       |
|     Using RX_REG only            |     0 |     0 |           |       |
|     Using Both TX_REG and RX_REG |     0 |     0 |           |       |
| SLR1 <-> SLR0                    |  5400 |       |     23040 | 23.44 |
|   SLR0 -> SLR1                   |  2819 |       |           | 12.24 |
|     Using TX_REG only            |     0 |     0 |           |       |
|     Using RX_REG only            |     0 |     0 |           |       |
|     Using Both TX_REG and RX_REG |     0 |     0 |           |       |
|   SLR1 -> SLR0                   |  2581 |       |           | 11.20 |
|     Using TX_REG only            |     0 |     0 |           |       |
|     Using RX_REG only            |     0 |     0 |           |       |
|     Using Both TX_REG and RX_REG |     0 |     0 |           |       |
+----------------------------------+-------+-------+-----------+-------+
| Total SLLs Used                  | 10501 |       |           |       |
+----------------------------------+-------+-------+-----------+-------+


2. SLR Connectivity Matrix
--------------------------

+-----------+------+------+------+
| FROM \ TO | SLR2 | SLR1 | SLR0 |
+-----------+------+------+------+
| SLR2      |    0 | 2374 |  137 |
| SLR1      | 2525 |    0 | 2444 |
| SLR0      |   65 | 2754 |    0 |
+-----------+------+------+------+


3. SLR CLB Logic and Dedicated Block Utilization
------------------------------------------------

+----------------------------+--------+-------+-------+--------+--------+--------+
|          Site Type         |  SLR0  |  SLR1 |  SLR2 | SLR0 % | SLR1 % | SLR2 % |
+----------------------------+--------+-------+-------+--------+--------+--------+
| CLB                        |  25507 |  9213 |  6369 |  46.41 |  17.06 |  11.79 |
|   CLBL                     |  13264 |  4995 |  3304 |  45.30 |  17.06 |  11.28 |
|   CLBM                     |  12243 |  4218 |  3065 |  47.68 |  17.06 |  12.40 |
| CLB LUTs                   | 100490 | 58115 | 25526 |  22.86 |  13.45 |   5.91 |
|   LUT as Logic             |  88623 | 54447 | 24001 |  20.16 |  12.60 |   5.56 |
|     using O5 output only   |   3695 |   861 |   433 |   0.84 |   0.20 |   0.10 |
|     using O6 output only   |  56432 | 40333 | 17046 |  12.83 |   9.34 |   3.95 |
|     using O5 and O6        |  28496 | 13253 |  6522 |   6.48 |   3.07 |   1.51 |
|   LUT as Memory            |  11867 |  3668 |  1525 |   5.78 |   1.85 |   0.77 |
|     LUT as Distributed RAM |   8104 |  3532 |   820 |   3.94 |   1.79 |   0.41 |
|       using O6 output only |    240 |   386 |     4 |   0.12 |   0.20 |  <0.01 |
|       using O5 and O6      |   7864 |  3146 |   816 |   3.83 |   1.59 |   0.41 |
|     LUT as Shift Register  |   3763 |   136 |   705 |   1.83 |   0.07 |   0.36 |
|       using O6 output only |   3051 |    80 |   671 |   1.49 |   0.04 |   0.34 |
|       using O5 and O6      |    712 |    56 |    34 |   0.35 |   0.03 |   0.02 |
| CLB Registers              | 160112 | 66259 | 35331 |  18.21 |   7.67 |   4.09 |
| CARRY8                     |   1781 |   577 |   107 |   3.24 |   1.07 |   0.20 |
| F7 Muxes                   |   1700 |  1037 |   437 |   0.77 |   0.48 |   0.20 |
| F8 Muxes                   |    265 |   260 |     0 |   0.24 |   0.24 |   0.00 |
| F9 Muxes                   |      0 |     0 |     0 |   0.00 |   0.00 |   0.00 |
| Block RAM Tile             |     60 |    90 |    50 |   8.93 |  13.39 |   7.44 |
|   RAMB36/FIFO              |     57 |    90 |    50 |   8.48 |  13.39 |   7.44 |
|   RAMB18                   |      6 |     0 |     0 |   0.45 |   0.00 |   0.00 |
| URAM                       |      0 |     0 |     0 |   0.00 |   0.00 |   0.00 |
| DSPs                       |    192 |     0 |     4 |   6.67 |   0.00 |   0.13 |
| Unique Control Sets        |   6477 |  3176 |  1102 |   5.89 |   2.94 |   1.02 |
+----------------------------+--------+-------+-------+--------+--------+--------+
* Note: Available Control Sets based on CLB Registers / 8


4. SLR IO Utilization
---------------------

+-----------+-----------+---------+------------+----------+------------+----------+-----+
| SLR Index | Used IOBs | (%)IOBs | Used IPADs | (%)IPADs | Used OPADs | (%)OPADs | GTs |
+-----------+-----------+---------+------------+----------+------------+----------+-----+
| SLR2      |         0 |    0.00 |          0 |     0.00 |          0 |     0.00 |   0 |
| SLR1      |         0 |    0.00 |          0 |     0.00 |          0 |     0.00 |   0 |
| SLR0      |        12 |    5.77 |          0 |     0.00 |          0 |     0.00 |  16 |
+-----------+-----------+---------+------------+----------+------------+----------+-----+
| Total     |        12 |         |          0 |          |          0 |          |  16 |
+-----------+-----------+---------+------------+----------+------------+----------+-----+


