Copyright 1986-2022 Xilinx, Inc. All Rights Reserved. Copyright 2022-2024 Advanced Micro Devices, Inc. All Rights Reserved.
---------------------------------------------------------------------------------------------------------------------------------------------
| Tool Version : Vivado v.2024.2 (lin64) Build 5239630 Fri Nov 08 22:34:34 MST 2024
| Date         : Tue May 26 16:26:55 2026
| Host         : hacc-build-01.inf.ethz.ch running 64-bit Ubuntu 22.04.5 LTS
| Command      : report_utilization -slr -file slr_util_routed.rpt -pb slr_util_routed.pb
| Design       : level0_wrapper
| Device       : xcu55c-fsvh2892-2L-e
| Speed File   : -2L
| Design State : Routed
---------------------------------------------------------------------------------------------------------------------------------------------

Utilization Design Information

Table of Contents
-----------------
1. SLR Connectivity
2. SLR Connectivity Matrix
3. SLR CLB Logic and Dedicated Block Utilization
4. SLR IO Utilization

1. SLR Connectivity
-------------------

+----------------------------------+-------+-------+-----------+-------+
|                                  |  Used | Fixed | Available | Util% |
+----------------------------------+-------+-------+-----------+-------+
| SLR2 <-> SLR1                    |  5103 |       |     23040 | 22.15 |
|   SLR1 -> SLR2                   |  2592 |       |           | 11.25 |
|     Using TX_REG only            |     0 |     0 |           |       |
|     Using RX_REG only            |     0 |     0 |           |       |
|     Using Both TX_REG and RX_REG |     0 |     0 |           |       |
|   SLR2 -> SLR1                   |  2511 |       |           | 10.90 |
|     Using TX_REG only            |     0 |     0 |           |       |
|     Using RX_REG only            |     0 |     0 |           |       |
|     Using Both TX_REG and RX_REG |     0 |     0 |           |       |
| SLR1 <-> SLR0                    |  5311 |       |     23040 | 23.05 |
|   SLR0 -> SLR1                   |  2786 |       |           | 12.09 |
|     Using TX_REG only            |     0 |     0 |           |       |
|     Using RX_REG only            |     0 |     0 |           |       |
|     Using Both TX_REG and RX_REG |     0 |     0 |           |       |
|   SLR1 -> SLR0                   |  2525 |       |           | 10.96 |
|     Using TX_REG only            |     0 |     0 |           |       |
|     Using RX_REG only            |     0 |     0 |           |       |
|     Using Both TX_REG and RX_REG |     0 |     0 |           |       |
+----------------------------------+-------+-------+-----------+-------+
| Total SLLs Used                  | 10414 |       |           |       |
+----------------------------------+-------+-------+-----------+-------+


2. SLR Connectivity Matrix
--------------------------

+-----------+------+------+------+
| FROM \ TO | SLR2 | SLR1 | SLR0 |
+-----------+------+------+------+
| SLR2      |    0 | 2358 |  153 |
| SLR1      | 2528 |    0 | 2372 |
| SLR0      |   64 | 2722 |    0 |
+-----------+------+------+------+


3. SLR CLB Logic and Dedicated Block Utilization
------------------------------------------------

+----------------------------+--------+-------+-------+--------+--------+--------+
|          Site Type         |  SLR0  |  SLR1 |  SLR2 | SLR0 % | SLR1 % | SLR2 % |
+----------------------------+--------+-------+-------+--------+--------+--------+
| CLB                        |  24286 |  9282 |  6495 |  44.19 |  17.19 |  12.03 |
|   CLBL                     |  12928 |  5031 |  3374 |  44.15 |  17.18 |  11.52 |
|   CLBM                     |  11358 |  4251 |  3121 |  44.23 |  17.20 |  12.63 |
| CLB LUTs                   | 102988 | 57951 | 25547 |  23.42 |  13.41 |   5.91 |
|   LUT as Logic             |  96329 | 54283 | 24022 |  21.91 |  12.57 |   5.56 |
|     using O5 output only   |   1994 |   856 |   440 |   0.45 |   0.20 |   0.10 |
|     using O6 output only   |  69255 | 40244 | 17079 |  15.75 |   9.32 |   3.95 |
|     using O5 and O6        |  25080 | 13183 |  6503 |   5.70 |   3.05 |   1.51 |
|   LUT as Memory            |   6659 |  3668 |  1525 |   3.24 |   1.85 |   0.77 |
|     LUT as Distributed RAM |   4136 |  3532 |   820 |   2.01 |   1.79 |   0.41 |
|       using O6 output only |    240 |   386 |     4 |   0.12 |   0.20 |  <0.01 |
|       using O5 and O6      |   3896 |  3146 |   816 |   1.90 |   1.59 |   0.41 |
|     LUT as Shift Register  |   2523 |   136 |   705 |   1.23 |   0.07 |   0.36 |
|       using O6 output only |   1811 |    80 |   671 |   0.88 |   0.04 |   0.34 |
|       using O5 and O6      |    712 |    56 |    34 |   0.35 |   0.03 |   0.02 |
| CLB Registers              | 128881 | 66148 | 35301 |  14.66 |   7.66 |   4.09 |
| CARRY8                     |   2905 |   577 |   108 |   5.29 |   1.07 |   0.20 |
| F7 Muxes                   |   1560 |  1037 |   437 |   0.71 |   0.48 |   0.20 |
| F8 Muxes                   |    203 |   260 |     0 |   0.18 |   0.24 |   0.00 |
| F9 Muxes                   |      0 |     0 |     0 |   0.00 |   0.00 |   0.00 |
| Block RAM Tile             |     58 |    90 |    50 |   8.63 |  13.39 |   7.44 |
|   RAMB36/FIFO              |     55 |    90 |    50 |   8.18 |  13.39 |   7.44 |
|   RAMB18                   |      6 |     0 |     0 |   0.45 |   0.00 |   0.00 |
| URAM                       |      0 |     0 |     0 |   0.00 |   0.00 |   0.00 |
| DSPs                       |    192 |     0 |     4 |   6.67 |   0.00 |   0.13 |
| Unique Control Sets        |   3552 |  3150 |  1104 |   3.23 |   2.92 |   1.02 |
+----------------------------+--------+-------+-------+--------+--------+--------+
* Note: Available Control Sets based on CLB Registers / 8


4. SLR IO Utilization
---------------------

+-----------+-----------+---------+------------+----------+------------+----------+-----+
| SLR Index | Used IOBs | (%)IOBs | Used IPADs | (%)IPADs | Used OPADs | (%)OPADs | GTs |
+-----------+-----------+---------+------------+----------+------------+----------+-----+
| SLR2      |         0 |    0.00 |          0 |     0.00 |          0 |     0.00 |   0 |
| SLR1      |         0 |    0.00 |          0 |     0.00 |          0 |     0.00 |   0 |
| SLR0      |        12 |    5.77 |          0 |     0.00 |          0 |     0.00 |  16 |
+-----------+-----------+---------+------------+----------+------------+----------+-----+
| Total     |        12 |         |          0 |          |          0 |          |  16 |
+-----------+-----------+---------+------------+----------+------------+----------+-----+


