Copyright 1986-2022 Xilinx, Inc. All Rights Reserved. Copyright 2022-2024 Advanced Micro Devices, Inc. All Rights Reserved.
---------------------------------------------------------------------------------------------------------------------------------------------
| Tool Version : Vivado v.2024.2 (lin64) Build 5239630 Fri Nov 08 22:34:34 MST 2024
| Date         : Mon May 25 15:46:10 2026
| Host         : hacc-build-01.inf.ethz.ch running 64-bit Ubuntu 22.04.5 LTS
| Command      : report_utilization -file full_util_placed.rpt -pb full_util_placed.pb
| Design       : level0_wrapper
| Device       : xcu55c-fsvh2892-2L-e
| Speed File   : -2L
| Design State : Fully Placed
---------------------------------------------------------------------------------------------------------------------------------------------

Utilization Design Information

Table of Contents
-----------------
1. CLB Logic
1.1 Summary of Registers by Type
2. CLB Logic Distribution
3. BLOCKRAM
4. ARITHMETIC
5. I/O
6. CLOCK
7. ADVANCED
8. CONFIGURATION
9. Primitives
10. Black Boxes
11. Instantiated Netlists
12. SLR Connectivity
13. SLR Connectivity Matrix
14. SLR CLB Logic and Dedicated Block Utilization
15. SLR IO Utilization

1. CLB Logic
------------

+----------------------------+--------+--------+------------+-----------+-------+
|          Site Type         |  Used  |  Fixed | Prohibited | Available | Util% |
+----------------------------+--------+--------+------------+-----------+-------+
| CLB LUTs                   | 201825 | 107889 |          0 |   1303680 | 15.48 |
|   LUT as Logic             | 188458 | 101912 |          0 |   1303680 | 14.46 |
|   LUT as Memory            |  13367 |   5977 |          0 |    600960 |  2.22 |
|     LUT as Distributed RAM |   9376 |   4564 |            |           |       |
|     LUT as Shift Register  |   3991 |   1413 |            |           |       |
| CLB Registers              | 260548 | 136116 |          0 |   2607360 |  9.99 |
|   Register as Flip Flop    | 260544 | 136112 |          0 |   2607360 |  9.99 |
|   Register as Latch        |      0 |      0 |          0 |   2607360 |  0.00 |
|   Register as AND/OR       |      4 |      4 |          0 |   2607360 | <0.01 |
| CARRY8                     |   4279 |    946 |          0 |    162960 |  2.63 |
| F7 Muxes                   |   3206 |   1684 |          0 |    651840 |  0.49 |
| F8 Muxes                   |    463 |    451 |          0 |    325920 |  0.14 |
| F9 Muxes                   |      0 |      0 |          0 |    162960 |  0.00 |
+----------------------------+--------+--------+------------+-----------+-------+
* Warning! LUT value is adjusted to account for LUT combining.


1.1 Summary of Registers by Type
--------------------------------

+--------+--------------+-------------+--------------+
|  Total | Clock Enable | Synchronous | Asynchronous |
+--------+--------------+-------------+--------------+
| 4      |            _ |           - |            - |
| 0      |            _ |           - |          Set |
| 0      |            _ |           - |        Reset |
| 0      |            _ |         Set |            - |
| 0      |            _ |       Reset |            - |
| 0      |          Yes |           - |            - |
| 389    |          Yes |           - |          Set |
| 3814   |          Yes |           - |        Reset |
| 4955   |          Yes |         Set |            - |
| 251386 |          Yes |       Reset |            - |
+--------+--------------+-------------+--------------+


2. CLB Logic Distribution
-------------------------

+--------------------------------------------+--------+--------+------------+-----------+-------+
|                  Site Type                 |  Used  |  Fixed | Prohibited | Available | Util% |
+--------------------------------------------+--------+--------+------------+-----------+-------+
| CLB                                        |  42207 |      0 |          0 |    162960 | 25.90 |
|   CLBL                                     |  22603 |      0 |            |           |       |
|   CLBM                                     |  19604 |      0 |            |           |       |
| LUT as Logic                               | 188458 | 101912 |          0 |   1303680 | 14.46 |
|   using O5 output only                     |   3667 |        |            |           |       |
|   using O6 output only                     | 134010 |        |            |           |       |
|   using O5 and O6                          |  50781 |        |            |           |       |
| LUT as Memory                              |  13367 |   5977 |          0 |    600960 |  2.22 |
|   LUT as Distributed RAM                   |   9376 |   4564 |            |           |       |
|     using O5 output only                   |      0 |        |            |           |       |
|     using O6 output only                   |    630 |        |            |           |       |
|     using O5 and O6                        |   8746 |        |            |           |       |
|   LUT as Shift Register                    |   3991 |   1413 |            |           |       |
|     using O5 output only                   |      0 |        |            |           |       |
|     using O6 output only                   |   3159 |        |            |           |       |
|     using O5 and O6                        |    832 |        |            |           |       |
| CLB Registers                              | 260548 |      0 |          0 |   2607360 |  9.99 |
|   Register driven from within the CLB      | 124054 |        |            |           |       |
|   Register driven from outside the CLB     | 136494 |        |            |           |       |
|     LUT in front of the register is unused |  79874 |        |            |           |       |
|     LUT in front of the register is used   |  56620 |        |            |           |       |
| Unique Control Sets                        |   8836 |        |          0 |    325920 |  2.71 |
+--------------------------------------------+--------+--------+------------+-----------+-------+
* * Note: Available Control Sets calculated as Slices * 2, Review the Control Sets Report for more information regarding control sets.


3. BLOCKRAM
-----------

+-------------------+------+-------+------------+-----------+-------+
|     Site Type     | Used | Fixed | Prohibited | Available | Util% |
+-------------------+------+-------+------------+-----------+-------+
| Block RAM Tile    |  200 |     0 |          0 |      2016 |  9.92 |
|   RAMB36/FIFO*    |  197 |   193 |          0 |      2016 |  9.77 |
|     RAMB36E2 only |  197 |       |            |           |       |
|   RAMB18          |    6 |     6 |          0 |      4032 |  0.15 |
|     RAMB18E2 only |    6 |       |            |           |       |
| URAM              |    0 |     0 |          0 |       960 |  0.00 |
+-------------------+------+-------+------------+-----------+-------+
* Note: Each Block RAM Tile only has one FIFO logic available and therefore can accommodate only one FIFO36E2 or one FIFO18E2. However, if a FIFO18E2 occupies a Block RAM Tile, that tile can still accommodate a RAMB18E2


4. ARITHMETIC
-------------

+----------------+------+-------+------------+-----------+-------+
|    Site Type   | Used | Fixed | Prohibited | Available | Util% |
+----------------+------+-------+------------+-----------+-------+
| DSPs           |  196 |     4 |          0 |      9024 |  2.17 |
|   DSP48E2 only |  196 |       |            |           |       |
+----------------+------+-------+------------+-----------+-------+


5. I/O
------

+------------------+------+-------+------------+-----------+-------+
|     Site Type    | Used | Fixed | Prohibited | Available | Util% |
+------------------+------+-------+------------+-----------+-------+
| Bonded IOB       |   12 |    12 |          0 |       624 |  1.92 |
| HPIOB_M          |    6 |     6 |          0 |       288 |  2.08 |
|   INPUT          |    3 |       |            |           |       |
|   OUTPUT         |    3 |       |            |           |       |
|   BIDIR          |    0 |       |            |           |       |
| HPIOB_S          |    5 |     5 |          0 |       288 |  1.74 |
|   INPUT          |    5 |       |            |           |       |
|   OUTPUT         |    0 |       |            |           |       |
|   BIDIR          |    0 |       |            |           |       |
| HPIOB_SNGL       |    1 |     1 |          0 |        48 |  2.08 |
|   INPUT          |    1 |       |            |           |       |
|   OUTPUT         |    0 |       |            |           |       |
|   BIDIR          |    0 |       |            |           |       |
| HPIOBDIFFINBUF   |    1 |     1 |          0 |       288 |  0.35 |
|   DIFFINBUF      |    1 |     1 |            |           |       |
| HPIOBDIFFOUTBUF  |    0 |     0 |          0 |       288 |  0.00 |
| BITSLICE_CONTROL |    0 |     0 |          0 |        96 |  0.00 |
| BITSLICE_RX_TX   |    0 |     0 |          0 |      3744 |  0.00 |
| BITSLICE_TX      |    0 |     0 |          0 |        96 |  0.00 |
| RIU_OR           |    0 |     0 |          0 |        48 |  0.00 |
+------------------+------+-------+------------+-----------+-------+


6. CLOCK
--------

+------------+------+-------+------------+-----------+-------+
|  Site Type | Used | Fixed | Prohibited | Available | Util% |
+------------+------+-------+------------+-----------+-------+
| BUFGCE     |   17 |     6 |          0 |       288 |  5.90 |
| BUFGCE_DIV |    1 |     1 |          0 |        48 |  2.08 |
| BUFG_GT    |   22 |    22 |          0 |       576 |  3.82 |
| BUFGCTRL*  |    1 |     1 |          0 |        96 |  1.04 |
| PLL        |    1 |     1 |          0 |        24 |  4.17 |
| MMCM       |    3 |     1 |          0 |        12 | 25.00 |
+------------+------+-------+------------+-----------+-------+
* Note: Each used BUFGCTRL counts as two GLOBAL CLOCK BUFFERs. This table does not include global clocking resources, only buffer cell usage. See the Clock Utilization Report (report_clock_utilization) for detailed accounting of global clocking resource availability.


7. ADVANCED
-----------

+----------------------+------+-------+------------+-----------+-------+
|       Site Type      | Used | Fixed | Prohibited | Available | Util% |
+----------------------+------+-------+------------+-----------+-------+
| CMACE4               |    0 |     0 |          0 |         8 |  0.00 |
| GTYE4_CHANNEL        |   16 |    16 |          0 |        40 | 40.00 |
| GTYE4_COMMON         |    4 |     4 |          0 |        10 | 40.00 |
| HBM_REF_CLK          |    1 |     1 |          0 |         2 | 50.00 |
| HBM_SNGLBLI_INTF_APB |    1 |     1 |          0 |        32 |  3.13 |
| HBM_SNGLBLI_INTF_AXI |   16 |    16 |          0 |        32 | 50.00 |
| ILKNE4               |    0 |     0 |          0 |         4 |  0.00 |
| OBUFDS_GTE4          |    0 |     0 |          0 |        20 |  0.00 |
| OBUFDS_GTE4_ADV      |    0 |     0 |          0 |        20 |  0.00 |
| PCIE40E4             |    0 |     0 |          0 |         2 |  0.00 |
| PCIE4CE4             |    1 |     1 |          0 |         4 | 25.00 |
| SYSMONE4             |    0 |     0 |          0 |         3 |  0.00 |
+----------------------+------+-------+------------+-----------+-------+


8. CONFIGURATION
----------------

+-------------+------+-------+------------+-----------+-------+
|  Site Type  | Used | Fixed | Prohibited | Available | Util% |
+-------------+------+-------+------------+-----------+-------+
| BSCANE2     |    1 |     1 |          0 |        12 |  8.33 |
| DNA_PORTE2  |    0 |     0 |          0 |         3 |  0.00 |
| EFUSE_USR   |    0 |     0 |          0 |         3 |  0.00 |
| FRAME_ECCE4 |    0 |     0 |          0 |         3 |  0.00 |
| ICAPE3      |    1 |     1 |          0 |         6 | 16.67 |
| MASTER_JTAG |    0 |     0 |          0 |         3 |  0.00 |
| STARTUPE3   |    1 |     1 |          0 |         3 | 33.33 |
+-------------+------+-------+------------+-----------+-------+


9. Primitives
-------------

+----------------------+--------+---------------------+
|       Ref Name       |  Used  | Functional Category |
+----------------------+--------+---------------------+
| FDRE                 | 251386 |            Register |
| LUT6                 |  70335 |                 CLB |
| LUT3                 |  63123 |                 CLB |
| LUT5                 |  39231 |                 CLB |
| LUT4                 |  33718 |                 CLB |
| LUT2                 |  28058 |                 CLB |
| RAMD32               |  15386 |                 CLB |
| FDSE                 |   4955 |            Register |
| LUT1                 |   4774 |                 CLB |
| CARRY8               |   4279 |                 CLB |
| FDCE                 |   3814 |            Register |
| MUXF7                |   3206 |                 CLB |
| SRL16E               |   2558 |                 CLB |
| SRLC32E              |   2251 |                 CLB |
| RAMS32               |   2168 |                 CLB |
| RAMD64E              |    528 |                 CLB |
| MUXF8                |    463 |                 CLB |
| FDPE                 |    389 |            Register |
| RAMB36E2             |    197 |            BLOCKRAM |
| DSP48E2              |    196 |          Arithmetic |
| RAMS64E              |     40 |                 CLB |
| BUFG_GT              |     22 |               Clock |
| BUFG_GT_SYNC         |     17 |               Clock |
| BUFGCE               |     17 |               Clock |
| HBM_SNGLBLI_INTF_AXI |     16 |            Advanced |
| GTYE4_CHANNEL        |     16 |            Advanced |
| SRLC16E              |     14 |                 CLB |
| IBUFCTRL             |      8 |              Others |
| INBUF                |      7 |                 I/O |
| RAMB18E2             |      6 |            BLOCKRAM |
| GTYE4_COMMON         |      4 |            Advanced |
| AND2B1L              |      4 |              Others |
| OBUF                 |      3 |                 I/O |
| MMCME4_ADV           |      3 |               Clock |
| STARTUPE3            |      1 |       Configuration |
| PLLE4_ADV            |      1 |               Clock |
| PCIE4CE4             |      1 |            Advanced |
| ICAPE3               |      1 |       Configuration |
| IBUFDS_GTE4          |      1 |                 I/O |
| HBM_SNGLBLI_INTF_APB |      1 |            Advanced |
| HBM_REF_CLK          |      1 |            Advanced |
| DIFFINBUF            |      1 |                 I/O |
| BUFGCTRL             |      1 |               Clock |
| BUFGCE_DIV           |      1 |               Clock |
| BSCANE2              |      1 |       Configuration |
+----------------------+--------+---------------------+


10. Black Boxes
---------------

+----------+------+
| Ref Name | Used |
+----------+------+


11. Instantiated Netlists
-------------------------

+-------------------------------------------------------+------+
|                        Ref Name                       | Used |
+-------------------------------------------------------+------+
| xsdbm                                                 |    1 |
| ulp_ulp_ucs_0                                         |    1 |
| ulp_ulp_cmp_0                                         |    1 |
| ulp_regslice_control_userpf_2                         |    1 |
| ulp_regslice_control_userpf_1                         |    1 |
| ulp_regslice_control_userpf_0                         |    1 |
| ulp_proc_sys_reset_kernel_slr0_0                      |    1 |
| ulp_proc_sys_reset_ctrl_slr2_0                        |    1 |
| ulp_proc_sys_reset_ctrl_slr1_0                        |    1 |
| ulp_proc_sys_reset_ctrl_slr0_0                        |    1 |
| ulp_panda_1_0                                         |    1 |
| ulp_interconnect_axilite_user_upgraded_ipi_imp_xbar_0 |    1 |
| ulp_interconnect_axilite_user_imp_s00_regslice_2      |    1 |
| ulp_interconnect_axilite_user_imp_s00_regslice_1      |    1 |
| ulp_interconnect_axilite_user_imp_s00_regslice_0      |    1 |
| ulp_interconnect_axilite_user_imp_m01_regslice_0      |    1 |
| ulp_interconnect_axilite_user_imp_m00_regslice_0      |    1 |
| ulp_interconnect_axilite_user_imp_auto_cc_3           |    1 |
| ulp_interconnect_axilite_user_imp_auto_cc_2           |    1 |
| ulp_interconnect_axilite_user_imp_auto_cc_1           |    1 |
| ulp_interconnect_axilite_user_imp_auto_cc_0           |    1 |
| ulp_ii_level0_wire_0                                  |    1 |
| ulp_hmss_0_0                                          |    1 |
| ulp_dpa_trace_s2mm_0                                  |    1 |
| ulp_dpa_mon8_0                                        |    1 |
| ulp_dpa_mon7_0                                        |    1 |
| ulp_dpa_mon6_0                                        |    1 |
| ulp_dpa_mon5_0                                        |    1 |
| ulp_dpa_mon4_0                                        |    1 |
| ulp_dpa_mon3_0                                        |    1 |
| ulp_dpa_mon2_0                                        |    1 |
| ulp_dpa_mon1_0                                        |    1 |
| ulp_dpa_mon0_0                                        |    1 |
| ulp_dpa_hub_0                                         |    1 |
| ulp_dpa_ctrl_interconnect_upgraded_ipi_imp_xbar_0     |    1 |
| ulp_dpa_ctrl_interconnect_imp_s00_regslice_0          |    1 |
| ulp_dpa_ctrl_interconnect_imp_m10_regslice_0          |    1 |
| ulp_dpa_ctrl_interconnect_imp_m09_regslice_0          |    1 |
| ulp_dpa_ctrl_interconnect_imp_m08_regslice_0          |    1 |
| ulp_dpa_ctrl_interconnect_imp_m07_regslice_0          |    1 |
| ulp_dpa_ctrl_interconnect_imp_m06_regslice_0          |    1 |
| ulp_dpa_ctrl_interconnect_imp_m05_regslice_0          |    1 |
| ulp_dpa_ctrl_interconnect_imp_m04_regslice_0          |    1 |
| ulp_dpa_ctrl_interconnect_imp_m03_regslice_0          |    1 |
| ulp_dpa_ctrl_interconnect_imp_m02_regslice_0          |    1 |
| ulp_dpa_ctrl_interconnect_imp_m01_regslice_0          |    1 |
| ulp_dpa_ctrl_interconnect_imp_m00_regslice_0          |    1 |
| ulp_dpa_ctrl_interconnect_imp_auto_cc_9               |    1 |
| ulp_dpa_ctrl_interconnect_imp_auto_cc_8               |    1 |
| ulp_dpa_ctrl_interconnect_imp_auto_cc_7               |    1 |
| ulp_dpa_ctrl_interconnect_imp_auto_cc_6               |    1 |
| ulp_dpa_ctrl_interconnect_imp_auto_cc_5               |    1 |
| ulp_dpa_ctrl_interconnect_imp_auto_cc_4               |    1 |
| ulp_dpa_ctrl_interconnect_imp_auto_cc_3               |    1 |
| ulp_dpa_ctrl_interconnect_imp_auto_cc_2               |    1 |
| ulp_dpa_ctrl_interconnect_imp_auto_cc_10              |    1 |
| ulp_dpa_ctrl_interconnect_imp_auto_cc_1               |    1 |
| ulp_dpa_ctrl_interconnect_imp_auto_cc_0               |    1 |
| ulp_axi_vip_data_0                                    |    1 |
| ulp_axi_vip_ctrl_userpf_2                             |    1 |
| ulp_axi_vip_ctrl_userpf_1                             |    1 |
| ulp_axi_vip_ctrl_userpf_0                             |    1 |
| ulp_axi_ic_ctrl_mgmt_slr1_upgraded_ipi_imp_xbar_0     |    1 |
| ulp_axi_gpio_null_2                                   |    1 |
| ulp_axi_gpio_null_0                                   |    1 |
| ulp                                                   |    1 |
| level0_ii_level0_pipe_0                               |    1 |
| blp_wrapper                                           |    1 |
| bd_85ad_vip_S09_0                                     |    1 |
| bd_85ad_vip_S08_0                                     |    1 |
| bd_85ad_vip_S07_0                                     |    1 |
| bd_85ad_vip_S06_0                                     |    1 |
| bd_85ad_vip_S05_0                                     |    1 |
| bd_85ad_vip_S04_0                                     |    1 |
| bd_85ad_vip_S03_0                                     |    1 |
| bd_85ad_vip_S02_0                                     |    1 |
| bd_85ad_vip_S01_0                                     |    1 |
| bd_85ad_vip_S00_0                                     |    1 |
| bd_85ad_slice9_8_0                                    |    1 |
| bd_85ad_slice8_7_0                                    |    1 |
| bd_85ad_slice7_6_0                                    |    1 |
| bd_85ad_slice6_5_0                                    |    1 |
| bd_85ad_slice5_4_0                                    |    1 |
| bd_85ad_slice4_3_0                                    |    1 |
| bd_85ad_slice3_2_0                                    |    1 |
| bd_85ad_slice2_1_0                                    |    1 |
| bd_85ad_slice1_0_0                                    |    1 |
| bd_85ad_slice0_10_0                                   |    1 |
| bd_85ad_interconnect9_8_0                             |    1 |
| bd_85ad_interconnect8_7_0                             |    1 |
| bd_85ad_interconnect7_6_0                             |    1 |
| bd_85ad_interconnect6_5_0                             |    1 |
| bd_85ad_interconnect5_4_0                             |    1 |
| bd_85ad_interconnect4_3_0                             |    1 |
| bd_85ad_interconnect3_2_0                             |    1 |
| bd_85ad_interconnect2_1_0                             |    1 |
| bd_85ad_interconnect1_0_0                             |    1 |
| bd_85ad_interconnect0_10_0                            |    1 |
| bd_85ad_init_reduce_0                                 |    1 |
| bd_85ad_hbm_reset_sync_SLR2_0                         |    1 |
| bd_85ad_hbm_reset_sync_SLR0_0                         |    1 |
| bd_85ad_hbm_inst_0                                    |    1 |
| bd_85ad_axi_apb_bridge_inst_0                         |    1 |
| bd_7cf0_bsip_0                                        |    1 |
| bd_7cf0_bs_switch_1_0                                 |    1 |
| bd_7cf0_axi_jtag_0                                    |    1 |
| bd_58f6_xsdbm_0                                       |    1 |
| bd_58f6_lut_buffer_0                                  |    1 |
| bd_22c0_psreset_kernel_01_0                           |    1 |
| bd_22c0_psreset_kernel_00_0                           |    1 |
| bd_22c0_psreset_hbm_0                                 |    1 |
| bd_22c0_psreset_aclk_freerun_0                        |    1 |
| bd_22c0_gpio_ucs_control_status_0                     |    1 |
| bd_22c0_gpio_gapping_demand_0                         |    1 |
| bd_22c0_gapping_demand_update_0                       |    1 |
| bd_22c0_gapping_demand_toggle_0                       |    1 |
| bd_22c0_frequency_counter_aclk_kernel_01_0            |    1 |
| bd_22c0_frequency_counter_aclk_kernel_00_0            |    1 |
| bd_22c0_frequency_counter_aclk_hbm_0                  |    1 |
| bd_22c0_frequency_counter_aclk_0                      |    1 |
| bd_22c0_fanout_aresetn_pcie_slr2_4_0                  |    1 |
| bd_22c0_fanout_aresetn_pcie_slr2_3_0                  |    1 |
| bd_22c0_fanout_aresetn_pcie_slr2_2_0                  |    1 |
| bd_22c0_fanout_aresetn_pcie_slr2_1_0                  |    1 |
| bd_22c0_fanout_aresetn_pcie_slr1_4_0                  |    1 |
| bd_22c0_fanout_aresetn_pcie_slr1_3_0                  |    1 |
| bd_22c0_fanout_aresetn_pcie_slr1_2_0                  |    1 |
| bd_22c0_fanout_aresetn_pcie_slr1_1_0                  |    1 |
| bd_22c0_fanout_aresetn_pcie_slr0_4_0                  |    1 |
| bd_22c0_fanout_aresetn_pcie_slr0_3_0                  |    1 |
| bd_22c0_fanout_aresetn_pcie_slr0_2_0                  |    1 |
| bd_22c0_fanout_aresetn_pcie_slr0_1_0                  |    1 |
| bd_22c0_fanout_aresetn_kernel_01_slr2_4_0             |    1 |
| bd_22c0_fanout_aresetn_kernel_01_slr2_3_0             |    1 |
| bd_22c0_fanout_aresetn_kernel_01_slr2_2_0             |    1 |
| bd_22c0_fanout_aresetn_kernel_01_slr2_1_0             |    1 |
| bd_22c0_fanout_aresetn_kernel_01_slr1_4_0             |    1 |
| bd_22c0_fanout_aresetn_kernel_01_slr1_3_0             |    1 |
| bd_22c0_fanout_aresetn_kernel_01_slr1_2_0             |    1 |
| bd_22c0_fanout_aresetn_kernel_01_slr1_1_0             |    1 |
| bd_22c0_fanout_aresetn_kernel_01_slr0_4_0             |    1 |
| bd_22c0_fanout_aresetn_kernel_01_slr0_3_0             |    1 |
| bd_22c0_fanout_aresetn_kernel_01_slr0_2_0             |    1 |
| bd_22c0_fanout_aresetn_kernel_01_slr0_1_0             |    1 |
| bd_22c0_fanout_aresetn_kernel_00_slr2_4_0             |    1 |
| bd_22c0_fanout_aresetn_kernel_00_slr2_3_0             |    1 |
| bd_22c0_fanout_aresetn_kernel_00_slr2_2_0             |    1 |
| bd_22c0_fanout_aresetn_kernel_00_slr2_1_0             |    1 |
| bd_22c0_fanout_aresetn_kernel_00_slr1_4_0             |    1 |
| bd_22c0_fanout_aresetn_kernel_00_slr1_3_0             |    1 |
| bd_22c0_fanout_aresetn_kernel_00_slr1_2_0             |    1 |
| bd_22c0_fanout_aresetn_kernel_00_slr1_1_0             |    1 |
| bd_22c0_fanout_aresetn_kernel_00_slr0_4_0             |    1 |
| bd_22c0_fanout_aresetn_kernel_00_slr0_3_0             |    1 |
| bd_22c0_fanout_aresetn_kernel_00_slr0_2_0             |    1 |
| bd_22c0_fanout_aresetn_kernel_00_slr0_1_0             |    1 |
| bd_22c0_fanout_aresetn_hbm_0                          |    1 |
| bd_22c0_fanout_aresetn_ctrl_slr2_4_0                  |    1 |
| bd_22c0_fanout_aresetn_ctrl_slr2_3_0                  |    1 |
| bd_22c0_fanout_aresetn_ctrl_slr2_2_0                  |    1 |
| bd_22c0_fanout_aresetn_ctrl_slr2_1_0                  |    1 |
| bd_22c0_fanout_aresetn_ctrl_slr1_4_0                  |    1 |
| bd_22c0_fanout_aresetn_ctrl_slr1_3_0                  |    1 |
| bd_22c0_fanout_aresetn_ctrl_slr1_2_0                  |    1 |
| bd_22c0_fanout_aresetn_ctrl_slr1_1_0                  |    1 |
| bd_22c0_fanout_aresetn_ctrl_slr0_4_0                  |    1 |
| bd_22c0_fanout_aresetn_ctrl_slr0_3_0                  |    1 |
| bd_22c0_fanout_aresetn_ctrl_slr0_2_0                  |    1 |
| bd_22c0_fanout_aresetn_ctrl_slr0_1_0                  |    1 |
| bd_22c0_clock_throttling_avg_0                        |    1 |
| bd_22c0_clock_throttling_aclk_kernel_01_0             |    1 |
| bd_22c0_clock_throttling_aclk_kernel_00_0             |    1 |
| bd_22c0_clock_shutdown_latch_0                        |    1 |
| bd_22c0_clkwiz_hbm_0                                  |    1 |
| bd_22c0_clkwiz_aclk_kernel_01_0                       |    1 |
| bd_22c0_clkwiz_aclk_kernel_00_0                       |    1 |
| bd_22c0_clk_hbm_adapt_0                               |    1 |
| bd_22c0_build_info_0                                  |    1 |
| bd_22c0_axi_ic_ctrl_mgmt_top_imp_xbar_0               |    1 |
| bd_22c0_axi_ic_ctrl_mgmt_freq_imp_xbar_0              |    1 |
| bd_22c0_axi_ic_ctrl_mgmt_freq_imp_auto_cc_0           |    1 |
| bd_22c0_aclk_kernel_01_cont_adapt_0                   |    1 |
| bd_22c0_aclk_kernel_01_adapt_0                        |    1 |
| bd_22c0_aclk_kernel_00_cont_adapt_0                   |    1 |
| bd_22c0_aclk_kernel_00_adapt_0                        |    1 |
| bd_097b_user_debug_hub_0                              |    1 |
| bd_097b_user_debug_bridge_0                           |    1 |
| bd_097b_build_info_0                                  |    1 |
+-------------------------------------------------------+------+


12. SLR Connectivity
--------------------

+----------------------------------+-------+-------+-----------+-------+
|                                  |  Used | Fixed | Available | Util% |
+----------------------------------+-------+-------+-----------+-------+
| SLR2 <-> SLR1                    |  5097 |       |     23040 | 22.12 |
|   SLR1 -> SLR2                   |  2591 |       |           | 11.25 |
|     Using TX_REG only            |     0 |     0 |           |       |
|     Using RX_REG only            |     0 |     0 |           |       |
|     Using Both TX_REG and RX_REG |     0 |     0 |           |       |
|   SLR2 -> SLR1                   |  2506 |       |           | 10.88 |
|     Using TX_REG only            |     0 |     0 |           |       |
|     Using RX_REG only            |     0 |     0 |           |       |
|     Using Both TX_REG and RX_REG |     0 |     0 |           |       |
| SLR1 <-> SLR0                    |  5406 |       |     23040 | 23.46 |
|   SLR0 -> SLR1                   |  2826 |       |           | 12.27 |
|     Using TX_REG only            |     0 |     0 |           |       |
|     Using RX_REG only            |     0 |     0 |           |       |
|     Using Both TX_REG and RX_REG |     0 |     0 |           |       |
|   SLR1 -> SLR0                   |  2580 |       |           | 11.20 |
|     Using TX_REG only            |     0 |     0 |           |       |
|     Using RX_REG only            |     0 |     0 |           |       |
|     Using Both TX_REG and RX_REG |     0 |     0 |           |       |
+----------------------------------+-------+-------+-----------+-------+
| Total SLLs Used                  | 10503 |       |           |       |
+----------------------------------+-------+-------+-----------+-------+


13. SLR Connectivity Matrix
---------------------------

+-----------+------+------+------+
| FROM \ TO | SLR2 | SLR1 | SLR0 |
+-----------+------+------+------+
| SLR2      |    0 | 2358 |  148 |
| SLR1      | 2528 |    0 | 2432 |
| SLR0      |   63 | 2763 |    0 |
+-----------+------+------+------+


14. SLR CLB Logic and Dedicated Block Utilization
-------------------------------------------------

+----------------------------+--------+-------+-------+--------+--------+--------+
|          Site Type         |  SLR0  |  SLR1 |  SLR2 | SLR0 % | SLR1 % | SLR2 % |
+----------------------------+--------+-------+-------+--------+--------+--------+
| CLB                        |  26540 |  9083 |  6584 |  48.29 |  16.82 |  12.19 |
|   CLBL                     |  14291 |  4913 |  3399 |  48.81 |  16.78 |  11.61 |
|   CLBM                     |  12249 |  4170 |  3185 |  47.70 |  16.87 |  12.88 |
| CLB LUTs                   | 118450 | 57832 | 25543 |  26.94 |  13.39 |   5.91 |
|   LUT as Logic             | 110276 | 54164 | 24018 |  25.08 |  12.54 |   5.56 |
|     using O5 output only   |   2369 |   856 |   442 |   0.54 |   0.20 |   0.10 |
|     using O6 output only   |  76806 | 40135 | 17069 |  17.47 |   9.29 |   3.95 |
|     using O5 and O6        |  31101 | 13173 |  6507 |   7.07 |   3.05 |   1.51 |
|   LUT as Memory            |   8174 |  3668 |  1525 |   3.98 |   1.85 |   0.77 |
|     LUT as Distributed RAM |   5024 |  3532 |   820 |   2.45 |   1.79 |   0.41 |
|       using O6 output only |    240 |   386 |     4 |   0.12 |   0.20 |  <0.01 |
|       using O5 and O6      |   4784 |  3146 |   816 |   2.33 |   1.59 |   0.41 |
|     LUT as Shift Register  |   3150 |   136 |   705 |   1.53 |   0.07 |   0.36 |
|       using O6 output only |   2408 |    80 |   671 |   1.17 |   0.04 |   0.34 |
|       using O5 and O6      |    742 |    56 |    34 |   0.36 |   0.03 |   0.02 |
| CLB Registers              | 159206 | 66041 | 35301 |  18.10 |   7.64 |   4.09 |
| CARRY8                     |   3594 |   577 |   108 |   6.54 |   1.07 |   0.20 |
| F7 Muxes                   |   1732 |  1037 |   437 |   0.79 |   0.48 |   0.20 |
| F8 Muxes                   |    203 |   260 |     0 |   0.18 |   0.24 |   0.00 |
| F9 Muxes                   |      0 |     0 |     0 |   0.00 |   0.00 |   0.00 |
| Block RAM Tile             |     60 |    90 |    50 |   8.93 |  13.39 |   7.44 |
|   RAMB36/FIFO              |     57 |    90 |    50 |   8.48 |  13.39 |   7.44 |
|   RAMB18                   |      6 |     0 |     0 |   0.45 |   0.00 |   0.00 |
| URAM                       |      0 |     0 |     0 |   0.00 |   0.00 |   0.00 |
| DSPs                       |    192 |     0 |     4 |   6.67 |   0.00 |   0.13 |
| Unique Control Sets        |   4651 |  3147 |  1100 |   4.23 |   2.91 |   1.02 |
+----------------------------+--------+-------+-------+--------+--------+--------+
* Note: Available Control Sets based on CLB Registers / 8


15. SLR IO Utilization
----------------------

+-----------+-----------+---------+------------+----------+------------+----------+-----+
| SLR Index | Used IOBs | (%)IOBs | Used IPADs | (%)IPADs | Used OPADs | (%)OPADs | GTs |
+-----------+-----------+---------+------------+----------+------------+----------+-----+
| SLR2      |         0 |    0.00 |          0 |     0.00 |          0 |     0.00 |   0 |
| SLR1      |         0 |    0.00 |          0 |     0.00 |          0 |     0.00 |   0 |
| SLR0      |        12 |    5.77 |          0 |     0.00 |          0 |     0.00 |  16 |
+-----------+-----------+---------+------------+----------+------------+----------+-----+
| Total     |        12 |         |          0 |          |          0 |          |  16 |
+-----------+-----------+---------+------------+----------+------------+----------+-----+


