Copyright 1986-2022 Xilinx, Inc. All Rights Reserved. Copyright 2022-2024 Advanced Micro Devices, Inc. All Rights Reserved.
---------------------------------------------------------------------------------------------------------------------------------------------
| Tool Version : Vivado v.2024.2 (lin64) Build 5239630 Fri Nov 08 22:34:34 MST 2024
| Date         : Mon May 25 15:45:26 2026
| Host         : hacc-build-01.inf.ethz.ch running 64-bit Ubuntu 22.04.5 LTS
| Command      : report_utilization -slr -file slr_util_placed.rpt -pb slr_util_placed.pb
| Design       : level0_wrapper
| Device       : xcu55c-fsvh2892-2L-e
| Speed File   : -2L
| Design State : Fully Placed
---------------------------------------------------------------------------------------------------------------------------------------------

Utilization Design Information

Table of Contents
-----------------
1. SLR Connectivity
2. SLR Connectivity Matrix
3. SLR CLB Logic and Dedicated Block Utilization
4. SLR IO Utilization

1. SLR Connectivity
-------------------

+----------------------------------+-------+-------+-----------+-------+
|                                  |  Used | Fixed | Available | Util% |
+----------------------------------+-------+-------+-----------+-------+
| SLR2 <-> SLR1                    |  5097 |       |     23040 | 22.12 |
|   SLR1 -> SLR2                   |  2591 |       |           | 11.25 |
|     Using TX_REG only            |     0 |     0 |           |       |
|     Using RX_REG only            |     0 |     0 |           |       |
|     Using Both TX_REG and RX_REG |     0 |     0 |           |       |
|   SLR2 -> SLR1                   |  2506 |       |           | 10.88 |
|     Using TX_REG only            |     0 |     0 |           |       |
|     Using RX_REG only            |     0 |     0 |           |       |
|     Using Both TX_REG and RX_REG |     0 |     0 |           |       |
| SLR1 <-> SLR0                    |  5406 |       |     23040 | 23.46 |
|   SLR0 -> SLR1                   |  2826 |       |           | 12.27 |
|     Using TX_REG only            |     0 |     0 |           |       |
|     Using RX_REG only            |     0 |     0 |           |       |
|     Using Both TX_REG and RX_REG |     0 |     0 |           |       |
|   SLR1 -> SLR0                   |  2580 |       |           | 11.20 |
|     Using TX_REG only            |     0 |     0 |           |       |
|     Using RX_REG only            |     0 |     0 |           |       |
|     Using Both TX_REG and RX_REG |     0 |     0 |           |       |
+----------------------------------+-------+-------+-----------+-------+
| Total SLLs Used                  | 10503 |       |           |       |
+----------------------------------+-------+-------+-----------+-------+


2. SLR Connectivity Matrix
--------------------------

+-----------+------+------+------+
| FROM \ TO | SLR2 | SLR1 | SLR0 |
+-----------+------+------+------+
| SLR2      |    0 | 2358 |  148 |
| SLR1      | 2528 |    0 | 2432 |
| SLR0      |   63 | 2763 |    0 |
+-----------+------+------+------+


3. SLR CLB Logic and Dedicated Block Utilization
------------------------------------------------

+----------------------------+--------+-------+-------+--------+--------+--------+
|          Site Type         |  SLR0  |  SLR1 |  SLR2 | SLR0 % | SLR1 % | SLR2 % |
+----------------------------+--------+-------+-------+--------+--------+--------+
| CLB                        |  26540 |  9083 |  6584 |  48.29 |  16.82 |  12.19 |
|   CLBL                     |  14291 |  4913 |  3399 |  48.81 |  16.78 |  11.61 |
|   CLBM                     |  12249 |  4170 |  3185 |  47.70 |  16.87 |  12.88 |
| CLB LUTs                   | 118450 | 57832 | 25543 |  26.94 |  13.39 |   5.91 |
|   LUT as Logic             | 110276 | 54164 | 24018 |  25.08 |  12.54 |   5.56 |
|     using O5 output only   |   2369 |   856 |   442 |   0.54 |   0.20 |   0.10 |
|     using O6 output only   |  76806 | 40135 | 17069 |  17.47 |   9.29 |   3.95 |
|     using O5 and O6        |  31101 | 13173 |  6507 |   7.07 |   3.05 |   1.51 |
|   LUT as Memory            |   8174 |  3668 |  1525 |   3.98 |   1.85 |   0.77 |
|     LUT as Distributed RAM |   5024 |  3532 |   820 |   2.45 |   1.79 |   0.41 |
|       using O6 output only |    240 |   386 |     4 |   0.12 |   0.20 |  <0.01 |
|       using O5 and O6      |   4784 |  3146 |   816 |   2.33 |   1.59 |   0.41 |
|     LUT as Shift Register  |   3150 |   136 |   705 |   1.53 |   0.07 |   0.36 |
|       using O6 output only |   2408 |    80 |   671 |   1.17 |   0.04 |   0.34 |
|       using O5 and O6      |    742 |    56 |    34 |   0.36 |   0.03 |   0.02 |
| CLB Registers              | 159206 | 66041 | 35301 |  18.10 |   7.64 |   4.09 |
| CARRY8                     |   3594 |   577 |   108 |   6.54 |   1.07 |   0.20 |
| F7 Muxes                   |   1732 |  1037 |   437 |   0.79 |   0.48 |   0.20 |
| F8 Muxes                   |    203 |   260 |     0 |   0.18 |   0.24 |   0.00 |
| F9 Muxes                   |      0 |     0 |     0 |   0.00 |   0.00 |   0.00 |
| Block RAM Tile             |     60 |    90 |    50 |   8.93 |  13.39 |   7.44 |
|   RAMB36/FIFO              |     57 |    90 |    50 |   8.48 |  13.39 |   7.44 |
|   RAMB18                   |      6 |     0 |     0 |   0.45 |   0.00 |   0.00 |
| URAM                       |      0 |     0 |     0 |   0.00 |   0.00 |   0.00 |
| DSPs                       |    192 |     0 |     4 |   6.67 |   0.00 |   0.13 |
| Unique Control Sets        |   4651 |  3147 |  1100 |   4.23 |   2.91 |   1.02 |
+----------------------------+--------+-------+-------+--------+--------+--------+
* Note: Available Control Sets based on CLB Registers / 8


4. SLR IO Utilization
---------------------

+-----------+-----------+---------+------------+----------+------------+----------+-----+
| SLR Index | Used IOBs | (%)IOBs | Used IPADs | (%)IPADs | Used OPADs | (%)OPADs | GTs |
+-----------+-----------+---------+------------+----------+------------+----------+-----+
| SLR2      |         0 |    0.00 |          0 |     0.00 |          0 |     0.00 |   0 |
| SLR1      |         0 |    0.00 |          0 |     0.00 |          0 |     0.00 |   0 |
| SLR0      |        12 |    5.77 |          0 |     0.00 |          0 |     0.00 |  16 |
+-----------+-----------+---------+------------+----------+------------+----------+-----+
| Total     |        12 |         |          0 |          |          0 |          |  16 |
+-----------+-----------+---------+------------+----------+------------+----------+-----+


