Copyright 1986-2022 Xilinx, Inc. All Rights Reserved. Copyright 2022-2024 Advanced Micro Devices, Inc. All Rights Reserved.
---------------------------------------------------------------------------------------------------------------------------------------------
| Tool Version : Vivado v.2024.2 (lin64) Build 5239630 Fri Nov 08 22:34:34 MST 2024
| Date         : Wed Jun 17 17:57:47 2026
| Host         : hacc-build-01.inf.ethz.ch running 64-bit Ubuntu 22.04.5 LTS
| Command      : report_utilization -slr -file slr_util_routed.rpt -pb slr_util_routed.pb
| Design       : level0_wrapper
| Device       : xcu55c-fsvh2892-2L-e
| Speed File   : -2L
| Design State : Routed
---------------------------------------------------------------------------------------------------------------------------------------------

Utilization Design Information

Table of Contents
-----------------
1. SLR Connectivity
2. SLR Connectivity Matrix
3. SLR CLB Logic and Dedicated Block Utilization
4. SLR IO Utilization

1. SLR Connectivity
-------------------

+----------------------------------+-------+-------+-----------+-------+
|                                  |  Used | Fixed | Available | Util% |
+----------------------------------+-------+-------+-----------+-------+
| SLR2 <-> SLR1                    |  5104 |       |     23040 | 22.15 |
|   SLR1 -> SLR2                   |  2593 |       |           | 11.25 |
|     Using TX_REG only            |     0 |     0 |           |       |
|     Using RX_REG only            |     0 |     0 |           |       |
|     Using Both TX_REG and RX_REG |     0 |     0 |           |       |
|   SLR2 -> SLR1                   |  2511 |       |           | 10.90 |
|     Using TX_REG only            |     0 |     0 |           |       |
|     Using RX_REG only            |     0 |     0 |           |       |
|     Using Both TX_REG and RX_REG |     0 |     0 |           |       |
| SLR1 <-> SLR0                    |  5311 |       |     23040 | 23.05 |
|   SLR0 -> SLR1                   |  2786 |       |           | 12.09 |
|     Using TX_REG only            |     0 |     0 |           |       |
|     Using RX_REG only            |     0 |     0 |           |       |
|     Using Both TX_REG and RX_REG |     0 |     0 |           |       |
|   SLR1 -> SLR0                   |  2525 |       |           | 10.96 |
|     Using TX_REG only            |     0 |     0 |           |       |
|     Using RX_REG only            |     0 |     0 |           |       |
|     Using Both TX_REG and RX_REG |     0 |     0 |           |       |
+----------------------------------+-------+-------+-----------+-------+
| Total SLLs Used                  | 10415 |       |           |       |
+----------------------------------+-------+-------+-----------+-------+


2. SLR Connectivity Matrix
--------------------------

+-----------+------+------+------+
| FROM \ TO | SLR2 | SLR1 | SLR0 |
+-----------+------+------+------+
| SLR2      |    0 | 2359 |  152 |
| SLR1      | 2529 |    0 | 2373 |
| SLR0      |   64 | 2722 |    0 |
+-----------+------+------+------+


3. SLR CLB Logic and Dedicated Block Utilization
------------------------------------------------

+----------------------------+--------+-------+-------+--------+--------+--------+
|          Site Type         |  SLR0  |  SLR1 |  SLR2 | SLR0 % | SLR1 % | SLR2 % |
+----------------------------+--------+-------+-------+--------+--------+--------+
| CLB                        |  32757 |  9228 |  6381 |  59.60 |  17.09 |  11.82 |
|   CLBL                     |  17171 |  5001 |  3289 |  58.64 |  17.08 |  11.23 |
|   CLBM                     |  15586 |  4227 |  3092 |  60.69 |  17.10 |  12.51 |
| CLB LUTs                   | 130059 | 57953 | 25550 |  29.58 |  13.42 |   5.91 |
|   LUT as Logic             | 118192 | 54285 | 24025 |  26.88 |  12.57 |   5.56 |
|     using O5 output only   |   3820 |   858 |   446 |   0.87 |   0.20 |   0.10 |
|     using O6 output only   |  80574 | 40245 | 17079 |  18.33 |   9.32 |   3.95 |
|     using O5 and O6        |  33798 | 13182 |  6500 |   7.69 |   3.05 |   1.50 |
|   LUT as Memory            |  11867 |  3668 |  1525 |   5.78 |   1.85 |   0.77 |
|     LUT as Distributed RAM |   8104 |  3532 |   820 |   3.94 |   1.79 |   0.41 |
|       using O6 output only |    240 |   386 |     4 |   0.12 |   0.20 |  <0.01 |
|       using O5 and O6      |   7864 |  3146 |   816 |   3.83 |   1.59 |   0.41 |
|     LUT as Shift Register  |   3763 |   136 |   705 |   1.83 |   0.07 |   0.36 |
|       using O6 output only |   3051 |    80 |   671 |   1.49 |   0.04 |   0.34 |
|       using O5 and O6      |    712 |    56 |    34 |   0.35 |   0.03 |   0.02 |
| CLB Registers              | 173589 | 66148 | 35302 |  19.74 |   7.66 |   4.09 |
| CARRY8                     |   3090 |   577 |   108 |   5.62 |   1.07 |   0.20 |
| F7 Muxes                   |   1672 |  1037 |   437 |   0.76 |   0.48 |   0.20 |
| F8 Muxes                   |    235 |   260 |     0 |   0.21 |   0.24 |   0.00 |
| F9 Muxes                   |      0 |     0 |     0 |   0.00 |   0.00 |   0.00 |
| Block RAM Tile             |     60 |    90 |    50 |   8.93 |  13.39 |   7.44 |
|   RAMB36/FIFO              |     57 |    90 |    50 |   8.48 |  13.39 |   7.44 |
|   RAMB18                   |      6 |     0 |     0 |   0.45 |   0.00 |   0.00 |
| URAM                       |      0 |     0 |     0 |   0.00 |   0.00 |   0.00 |
| DSPs                       |    192 |     0 |     4 |   6.67 |   0.00 |   0.13 |
| Unique Control Sets        |   6410 |  3149 |  1103 |   5.83 |   2.92 |   1.02 |
+----------------------------+--------+-------+-------+--------+--------+--------+
* Note: Available Control Sets based on CLB Registers / 8


4. SLR IO Utilization
---------------------

+-----------+-----------+---------+------------+----------+------------+----------+-----+
| SLR Index | Used IOBs | (%)IOBs | Used IPADs | (%)IPADs | Used OPADs | (%)OPADs | GTs |
+-----------+-----------+---------+------------+----------+------------+----------+-----+
| SLR2      |         0 |    0.00 |          0 |     0.00 |          0 |     0.00 |   0 |
| SLR1      |         0 |    0.00 |          0 |     0.00 |          0 |     0.00 |   0 |
| SLR0      |        12 |    5.77 |          0 |     0.00 |          0 |     0.00 |  16 |
+-----------+-----------+---------+------------+----------+------------+----------+-----+
| Total     |        12 |         |          0 |          |          0 |          |  16 |
+-----------+-----------+---------+------------+----------+------------+----------+-----+


